// Jest Snapshot v1, https://goo.gl/fbAQLP

exports[`CvTag.vue matches snapshot 1`] = `<span class="cv-tag bx--tag bx--tag--beta">I am a tag</span>`;
