// Jest Snapshot v1, https://goo.gl/fbAQLP

exports[`CvCodeSnippet should render correctly when it is \`inline\` 1`] = `<cvcodesnippetinline-stub copyfeedback="Copied!" feedbackarialabel="Copy code" id="test-1" class="cv-code-snippet"><code></code> <textarea aria-hidden="true" class="cv-code-snippet__clippy" style="position: absolute; left: -9999px; max-width: 0; opacity: 0; overflow: hidden;"></textarea></cvcodesnippetinline-stub>`;

exports[`CvCodeSnippet should render correctly when it is \`multiline\` 1`] = `<cvcodesnippetmultiline-stub copyfeedback="Copied!" feedbackarialabel="Copy code" lesstext="Show less" moretext="Show more" id="test-1" class="cv-code-snippet"><code></code> <textarea aria-hidden="true" class="cv-code-snippet__clippy" style="position: absolute; left: -9999px; max-width: 0; opacity: 0; overflow: hidden;"></textarea></cvcodesnippetmultiline-stub>`;

exports[`CvCodeSnippet should render correctly with slot specified 1`] = `<cvcodesnippetoneline-stub copyfeedback="Copied!" feedbackarialabel="Copy code" id="test-1" class="cv-code-snippet"><code><div>Cv code snippet slot</div></code> <textarea aria-hidden="true" class="cv-code-snippet__clippy" style="position: absolute; left: -9999px; max-width: 0; opacity: 0; overflow: hidden;"></textarea></cvcodesnippetoneline-stub>`;

exports[`CvCodeSnippet should render with default props correctly 1`] = `<cvcodesnippetoneline-stub copyfeedback="Copied!" feedbackarialabel="Copy code" id="test-1" class="cv-code-snippet"><code></code> <textarea aria-hidden="true" class="cv-code-snippet__clippy" style="position: absolute; left: -9999px; max-width: 0; opacity: 0; overflow: hidden;"></textarea></cvcodesnippetoneline-stub>`;

exports[`CvCodeSnippet should render with set \`feedbackAriaLabel\` and \`copyFeedback\` props correctly 1`] = `<cvcodesnippetoneline-stub copyfeedback="copy feedback test" feedbackarialabel="feedback aria label test" id="test-1" class="cv-code-snippet"><code></code> <textarea aria-hidden="true" class="cv-code-snippet__clippy" style="position: absolute; left: -9999px; max-width: 0; opacity: 0; overflow: hidden;"></textarea></cvcodesnippetoneline-stub>`;

exports[`CvCodeSnippetSkeleton should render correctly when it is \`multiline\` 1`] = `
<div class="bx--snippet bx--skeleton bx--snippet--multi" id="test-1">
  <div class="bx--snippet-container"><span></span> <span></span> <span></span></div>
</div>
`;

exports[`CvCodeSnippetSkeleton should render with default props correctly 1`] = `
<div class="bx--snippet bx--skeleton bx--snippet--single" id="test-1">
  <div class="bx--snippet-container"><span></span>
    <!---->
    <!---->
  </div>
</div>
`;
